=== run_latency_pair.sh ===
timestamp: 2026-03-26 15:35:29
bs: 1k
size: 1k
fio: /home/xuanboj2/spdk-iaa/app/nvmf_iaa/fio/fio
engine: ./snic_phase1.so

=== WRITE ===
job0: (g=0): rw=write, bs=(R) 1024B-1024B, (W) 1024B-1024B, (T) 1024B-1024B, ioengine=snic_phase1, iodepth=1
fio-3.41-142-g698f
Starting 1 thread
job0: Laying out IO file (1 file / 0MiB)
EAL: '-c <coremask>' option is deprecated, and will be removed in a future release
EAL: 	Use '-l <corelist>' or '--lcores=<corelist>' option instead
[Init] Probing Target 192.168.200.20:4420...
[Init] Attaching to 192.168.200.20
[Init] Attached to NVMe Controller
[Init] Allocated IO QPair. Negotiated QID: 1
[RDMA] Resolving SNIC address 192.168.200.11:18515...
[RDMA] Resolving route...
[RDMA] Connecting to SNIC...
[RDMA] SNIC Connection established!
[Init] Registering Memory...
[Init] Cleaning IAA Completion Buffer
[Init] Mapping IAA Portal at /dev/iax/wq1.0...
[Init] Allocating COMP/DECOMP AECS buffers
[Init] COMP AECS loaded:   addr=0x7a7f9c112040 size=1568
[Init] DECOMP AECS loaded: addr=0x7a7f9c119140 size=5376
[Init] Initing SETUP MSG...
[Init] All systems OK. Staging Buffer: 32 MB (Hugepages)
[Init] Sending SETUP Message to SNIC...
[SETUP] comp_aecs_addr=0x7a7f9c112040 comp_aecs_size=1568
[SETUP] decomp_aecs_addr=0x7a7f9c119140 decomp_aecs_size=5376
[Init] SETUP Message Sent successfully.
sizeof(struct snic_setup_msg) = 80

job0: (groupid=0, jobs=1): err= 0: pid=21009: Thu Mar 26 15:35:30 2026
  write: IOPS=500, BW=500KiB/s (512kB/s)(1024B/2msec)
    clat (nsec): min=1057.2k, max=1057.2k, avg=1057242.00, stdev= 0.00
     lat (nsec): min=1058.2k, max=1058.2k, avg=1058211.00, stdev= 0.00
    clat percentiles (usec):
     |  1.00th=[ 1057],  5.00th=[ 1057], 10.00th=[ 1057], 20.00th=[ 1057],
     | 30.00th=[ 1057], 40.00th=[ 1057], 50.00th=[ 1057], 60.00th=[ 1057],
     | 70.00th=[ 1057], 80.00th=[ 1057], 90.00th=[ 1057], 95.00th=[ 1057],
     | 99.00th=[ 1057], 99.50th=[ 1057], 99.90th=[ 1057], 99.95th=[ 1057],
     | 99.99th=[ 1057]
  lat (msec)   : 2=100.00%
  cpu          : usr=0.00%, sys=0.00%, ctx=1, majf=0, minf=1
  IO depths    : 1=100.0%, 2=0.0%, 4=0.0%, 8=0.0%, 16=0.0%, 32=0.0%, >=64=0.0%
     submit    : 0=0.0%, 4=100.0%, 8=0.0%, 16=0.0%, 32=0.0%, 64=0.0%, >=64=0.0%
     complete  : 0=0.0%, 4=100.0%, 8=0.0%, 16=0.0%, 32=0.0%, 64=0.0%, >=64=0.0%
     issued rwts: total=0,1,0,0 short=0,0,0,0 dropped=0,0,0,0
     latency   : target=0.00ns, window=0.00ns, percentile=100.00%, depth=1

Run status group 0 (all jobs):
  WRITE: bw=500KiB/s (512kB/s), 500KiB/s-500KiB/s (512kB/s-512kB/s), io=1024B (1024B), run=2-2msec

Disk stats (read/write):
  nvme1n1: ios=0/0, sectors=0/0, merge=0/0, ticks=0/0, in_queue=0, util=0.00%

=== READ ===
job0: (g=0): rw=read, bs=(R) 1024B-1024B, (W) 1024B-1024B, (T) 1024B-1024B, ioengine=snic_phase1, iodepth=1
fio-3.41-142-g698f
Starting 1 thread
job0: Laying out IO file (1 file / 0MiB)
EAL: '-c <coremask>' option is deprecated, and will be removed in a future release
EAL: 	Use '-l <corelist>' or '--lcores=<corelist>' option instead
[Init] Probing Target 192.168.200.20:4420...
[Init] Attaching to 192.168.200.20
[Init] Attached to NVMe Controller
[Init] Allocated IO QPair. Negotiated QID: 1
[RDMA] Resolving SNIC address 192.168.200.11:18515...
[RDMA] Resolving route...
[RDMA] Connecting to SNIC...
[RDMA] SNIC Connection established!
[Init] Registering Memory...
[Init] Cleaning IAA Completion Buffer
[Init] Mapping IAA Portal at /dev/iax/wq1.0...
[Init] Allocating COMP/DECOMP AECS buffers
[Init] COMP AECS loaded:   addr=0x77c9e4112040 size=1568
[Init] DECOMP AECS loaded: addr=0x77c9e4119140 size=5376
[Init] Initing SETUP MSG...
[Init] All systems OK. Staging Buffer: 32 MB (Hugepages)
[Init] Sending SETUP Message to SNIC...
[SETUP] comp_aecs_addr=0x77c9e4112040 comp_aecs_size=1568
[SETUP] decomp_aecs_addr=0x77c9e4119140 decomp_aecs_size=5376
[Init] SETUP Message Sent successfully.
sizeof(struct snic_setup_msg) = 80

job0: (groupid=0, jobs=1): err= 0: pid=21083: Thu Mar 26 15:35:31 2026
  read: IOPS=500, BW=500KiB/s (512kB/s)(1024B/2msec)
    clat (nsec): min=1081.5k, max=1081.5k, avg=1081519.00, stdev= 0.00
     lat (nsec): min=1082.3k, max=1082.3k, avg=1082267.00, stdev= 0.00
    clat percentiles (usec):
     |  1.00th=[ 1090],  5.00th=[ 1090], 10.00th=[ 1090], 20.00th=[ 1090],
     | 30.00th=[ 1090], 40.00th=[ 1090], 50.00th=[ 1090], 60.00th=[ 1090],
     | 70.00th=[ 1090], 80.00th=[ 1090], 90.00th=[ 1090], 95.00th=[ 1090],
     | 99.00th=[ 1090], 99.50th=[ 1090], 99.90th=[ 1090], 99.95th=[ 1090],
     | 99.99th=[ 1090]
  lat (msec)   : 2=100.00%
  cpu          : usr=0.00%, sys=0.00%, ctx=1, majf=0, minf=1
  IO depths    : 1=100.0%, 2=0.0%, 4=0.0%, 8=0.0%, 16=0.0%, 32=0.0%, >=64=0.0%
     submit    : 0=0.0%, 4=100.0%, 8=0.0%, 16=0.0%, 32=0.0%, 64=0.0%, >=64=0.0%
     complete  : 0=0.0%, 4=100.0%, 8=0.0%, 16=0.0%, 32=0.0%, 64=0.0%, >=64=0.0%
     issued rwts: total=1,0,0,0 short=0,0,0,0 dropped=0,0,0,0
     latency   : target=0.00ns, window=0.00ns, percentile=100.00%, depth=1

Run status group 0 (all jobs):
   READ: bw=500KiB/s (512kB/s), 500KiB/s-500KiB/s (512kB/s-512kB/s), io=1024B (1024B), run=2-2msec

Disk stats (read/write):
  nvme1n1: ios=0/0, sectors=0/0, merge=0/0, ticks=0/0, in_queue=0, util=0.00%
