=== run_latency_pair.sh ===
timestamp: 2026-03-26 15:31:31
bs: 32k
size: 32k
fio: /home/xuanboj2/spdk-iaa/app/nvmf_iaa/fio/fio
engine: ./snic_phase1.so

=== WRITE ===
job0: (g=0): rw=write, bs=(R) 32.0KiB-32.0KiB, (W) 32.0KiB-32.0KiB, (T) 32.0KiB-32.0KiB, ioengine=snic_phase1, iodepth=1
fio-3.41-142-g698f
Starting 1 thread
job0: Laying out IO file (1 file / 0MiB)
EAL: '-c <coremask>' option is deprecated, and will be removed in a future release
EAL: 	Use '-l <corelist>' or '--lcores=<corelist>' option instead
[Init] Probing Target 192.168.200.20:4420...
[Init] Attaching to 192.168.200.20
[Init] Attached to NVMe Controller
[Init] Allocated IO QPair. Negotiated QID: 1
[RDMA] Resolving SNIC address 192.168.200.11:18515...
[RDMA] Resolving route...
[RDMA] Connecting to SNIC...
[RDMA] SNIC Connection established!
[Init] Registering Memory...
[Init] Cleaning IAA Completion Buffer
[Init] Mapping IAA Portal at /dev/iax/wq1.0...
[Init] Allocating COMP/DECOMP AECS buffers
[Init] COMP AECS loaded:   addr=0x70d0a0112040 size=1568
[Init] DECOMP AECS loaded: addr=0x70d0a0119140 size=5376
[Init] Initing SETUP MSG...
[Init] All systems OK. Staging Buffer: 32 MB (Hugepages)
[Init] Sending SETUP Message to SNIC...
[SETUP] comp_aecs_addr=0x70d0a0112040 comp_aecs_size=1568
[SETUP] decomp_aecs_addr=0x70d0a0119140 decomp_aecs_size=5376
[Init] SETUP Message Sent successfully.
sizeof(struct snic_setup_msg) = 80

job0: (groupid=0, jobs=1): err= 0: pid=19606: Thu Mar 26 15:31:32 2026
  write: IOPS=500, BW=15.6MiB/s (16.4MB/s)(32.0KiB/2msec)
    clat (nsec): min=1109.5k, max=1109.5k, avg=1109513.00, stdev= 0.00
     lat (nsec): min=1111.2k, max=1111.2k, avg=1111211.00, stdev= 0.00
    clat percentiles (usec):
     |  1.00th=[ 1106],  5.00th=[ 1106], 10.00th=[ 1106], 20.00th=[ 1106],
     | 30.00th=[ 1106], 40.00th=[ 1106], 50.00th=[ 1106], 60.00th=[ 1106],
     | 70.00th=[ 1106], 80.00th=[ 1106], 90.00th=[ 1106], 95.00th=[ 1106],
     | 99.00th=[ 1106], 99.50th=[ 1106], 99.90th=[ 1106], 99.95th=[ 1106],
     | 99.99th=[ 1106]
  lat (msec)   : 2=100.00%
  cpu          : usr=0.00%, sys=0.00%, ctx=1, majf=0, minf=8
  IO depths    : 1=100.0%, 2=0.0%, 4=0.0%, 8=0.0%, 16=0.0%, 32=0.0%, >=64=0.0%
     submit    : 0=0.0%, 4=100.0%, 8=0.0%, 16=0.0%, 32=0.0%, 64=0.0%, >=64=0.0%
     complete  : 0=0.0%, 4=100.0%, 8=0.0%, 16=0.0%, 32=0.0%, 64=0.0%, >=64=0.0%
     issued rwts: total=0,1,0,0 short=0,0,0,0 dropped=0,0,0,0
     latency   : target=0.00ns, window=0.00ns, percentile=100.00%, depth=1

Run status group 0 (all jobs):
  WRITE: bw=15.6MiB/s (16.4MB/s), 15.6MiB/s-15.6MiB/s (16.4MB/s-16.4MB/s), io=32.0KiB (32.8kB), run=2-2msec

Disk stats (read/write):
  nvme1n1: ios=0/0, sectors=0/0, merge=0/0, ticks=0/0, in_queue=0, util=0.00%

=== READ ===
job0: (g=0): rw=read, bs=(R) 32.0KiB-32.0KiB, (W) 32.0KiB-32.0KiB, (T) 32.0KiB-32.0KiB, ioengine=snic_phase1, iodepth=1
fio-3.41-142-g698f
Starting 1 thread
job0: Laying out IO file (1 file / 0MiB)
EAL: '-c <coremask>' option is deprecated, and will be removed in a future release
EAL: 	Use '-l <corelist>' or '--lcores=<corelist>' option instead
[Init] Probing Target 192.168.200.20:4420...
[Init] Attaching to 192.168.200.20
[Init] Attached to NVMe Controller
[Init] Allocated IO QPair. Negotiated QID: 1
[RDMA] Resolving SNIC address 192.168.200.11:18515...
[RDMA] Resolving route...
[RDMA] Connecting to SNIC...
[RDMA] SNIC Connection established!
[Init] Registering Memory...
[Init] Cleaning IAA Completion Buffer
[Init] Mapping IAA Portal at /dev/iax/wq1.0...
[Init] Allocating COMP/DECOMP AECS buffers
[Init] COMP AECS loaded:   addr=0x7807b4112040 size=1568
[Init] DECOMP AECS loaded: addr=0x7807b4119140 size=5376
[Init] Initing SETUP MSG...
[Init] All systems OK. Staging Buffer: 32 MB (Hugepages)
[Init] Sending SETUP Message to SNIC...
[SETUP] comp_aecs_addr=0x7807b4112040 comp_aecs_size=1568
[SETUP] decomp_aecs_addr=0x7807b4119140 decomp_aecs_size=5376
[Init] SETUP Message Sent successfully.
sizeof(struct snic_setup_msg) = 80

job0: (groupid=0, jobs=1): err= 0: pid=19662: Thu Mar 26 15:31:33 2026
  read: IOPS=500, BW=15.6MiB/s (16.4MB/s)(32.0KiB/2msec)
    clat (nsec): min=1125.9k, max=1125.9k, avg=1125923.00, stdev= 0.00
     lat (nsec): min=1126.6k, max=1126.6k, avg=1126614.00, stdev= 0.00
    clat percentiles (usec):
     |  1.00th=[ 1123],  5.00th=[ 1123], 10.00th=[ 1123], 20.00th=[ 1123],
     | 30.00th=[ 1123], 40.00th=[ 1123], 50.00th=[ 1123], 60.00th=[ 1123],
     | 70.00th=[ 1123], 80.00th=[ 1123], 90.00th=[ 1123], 95.00th=[ 1123],
     | 99.00th=[ 1123], 99.50th=[ 1123], 99.90th=[ 1123], 99.95th=[ 1123],
     | 99.99th=[ 1123]
  lat (msec)   : 2=100.00%
  cpu          : usr=0.00%, sys=0.00%, ctx=1, majf=0, minf=13
  IO depths    : 1=100.0%, 2=0.0%, 4=0.0%, 8=0.0%, 16=0.0%, 32=0.0%, >=64=0.0%
     submit    : 0=0.0%, 4=100.0%, 8=0.0%, 16=0.0%, 32=0.0%, 64=0.0%, >=64=0.0%
     complete  : 0=0.0%, 4=100.0%, 8=0.0%, 16=0.0%, 32=0.0%, 64=0.0%, >=64=0.0%
     issued rwts: total=1,0,0,0 short=0,0,0,0 dropped=0,0,0,0
     latency   : target=0.00ns, window=0.00ns, percentile=100.00%, depth=1

Run status group 0 (all jobs):
   READ: bw=15.6MiB/s (16.4MB/s), 15.6MiB/s-15.6MiB/s (16.4MB/s-16.4MB/s), io=32.0KiB (32.8kB), run=2-2msec

Disk stats (read/write):
  nvme1n1: ios=0/0, sectors=0/0, merge=0/0, ticks=0/0, in_queue=0, util=0.00%
