=== run_latency.sh ===
timestamp: 2026-04-06 19:36:22
bs: 64k
size: 64k
fio: /home/xuanboj2/spdk-iaa/app/nvmf_iaa/fio/fio
engine: ./iaanic.so
poll_usleep: 0
write_phase: (g=0): rw=write, bs=(R) 64.0KiB-64.0KiB, (W) 64.0KiB-64.0KiB, (T) 64.0KiB-64.0KiB, ioengine=snic_phase1, iodepth=1
read_phase: (g=0): rw=read, bs=(R) 64.0KiB-64.0KiB, (W) 64.0KiB-64.0KiB, (T) 64.0KiB-64.0KiB, ioengine=snic_phase1, iodepth=1
fio-3.41-142-g698f
Starting 2 threads
EAL: '-c <coremask>' option is deprecated, and will be removed in a future release
EAL: 	Use '-l <corelist>' or '--lcores=<corelist>' option instead
[Init] Probing Target 192.168.200.20:4420...
[Init] Attaching to 192.168.200.20
[Init] Attached to NVMe Controller
[Init] Allocated IO QPair. Negotiated QID: 1
[RDMA] Resolving SNIC address 192.168.200.11:18515...
[RDMA] Resolving route...
[RDMA] Connecting to SNIC...
[RDMA] SNIC Connection established!
[Init] Registering Memory...
[Init] Cleaning IAA Completion Buffer
[Init] Mapping IAA Portal at /dev/iax/wq1.0...
[Init] Allocating COMP/DECOMP AECS buffers
[Init] COMP AECS loaded:   addr=0x7cc740114040 size=1568
[Init] DECOMP AECS loaded: addr=0x7cc740119140 size=5376
[Init] Initing SETUP MSG...
[Init] All systems OK. Staging Buffer: 32 MB (Hugepages)
[Init] Sending SETUP Message to SNIC...
[SETUP] comp_aecs_addr=0x7cc740114040 comp_aecs_size=1568
[SETUP] decomp_aecs_addr=0x7cc740119140 decomp_aecs_size=5376
[Init] SETUP Message Sent successfully.
sizeof(struct snic_setup_msg) = 80

write_phase: (groupid=0, jobs=1): err= 0: pid=143966: Mon Apr  6 19:36:22 2026
  write: IOPS=1000, BW=62.5MiB/s (65.5MB/s)(64.0KiB/1msec)
    clat (nsec): min=202049, max=202049, avg=202049.00, stdev= 0.00
     lat (nsec): min=204080, max=204080, avg=204080.00, stdev= 0.00
    clat percentiles (usec):
     |  1.00th=[  202],  5.00th=[  202], 10.00th=[  202], 20.00th=[  202],
     | 30.00th=[  202], 40.00th=[  202], 50.00th=[  202], 60.00th=[  202],
     | 70.00th=[  202], 80.00th=[  202], 90.00th=[  202], 95.00th=[  202],
     | 99.00th=[  202], 99.50th=[  202], 99.90th=[  202], 99.95th=[  202],
     | 99.99th=[  202]
  lat (usec)   : 250=100.00%
  cpu          : usr=0.00%, sys=0.00%, ctx=0, majf=0, minf=16
  IO depths    : 1=100.0%, 2=0.0%, 4=0.0%, 8=0.0%, 16=0.0%, 32=0.0%, >=64=0.0%
     submit    : 0=0.0%, 4=100.0%, 8=0.0%, 16=0.0%, 32=0.0%, 64=0.0%, >=64=0.0%
     complete  : 0=0.0%, 4=100.0%, 8=0.0%, 16=0.0%, 32=0.0%, 64=0.0%, >=64=0.0%
     issued rwts: total=0,1,0,0 short=0,0,0,0 dropped=0,0,0,0
     latency   : target=0.00ns, window=0.00ns, percentile=100.00%, depth=1
read_phase: (groupid=0, jobs=1): err= 0: pid=143967: Mon Apr  6 19:36:22 2026
  read: IOPS=1000, BW=62.5MiB/s (65.5MB/s)(64.0KiB/1msec)
    clat (nsec): min=183373, max=183373, avg=183373.00, stdev= 0.00
     lat (nsec): min=184096, max=184096, avg=184096.00, stdev= 0.00
    clat percentiles (usec):
     |  1.00th=[  184],  5.00th=[  184], 10.00th=[  184], 20.00th=[  184],
     | 30.00th=[  184], 40.00th=[  184], 50.00th=[  184], 60.00th=[  184],
     | 70.00th=[  184], 80.00th=[  184], 90.00th=[  184], 95.00th=[  184],
     | 99.00th=[  184], 99.50th=[  184], 99.90th=[  184], 99.95th=[  184],
     | 99.99th=[  184]
  lat (usec)   : 250=100.00%
  cpu          : usr=0.00%, sys=0.00%, ctx=0, majf=0, minf=34
  IO depths    : 1=100.0%, 2=0.0%, 4=0.0%, 8=0.0%, 16=0.0%, 32=0.0%, >=64=0.0%
     submit    : 0=0.0%, 4=100.0%, 8=0.0%, 16=0.0%, 32=0.0%, 64=0.0%, >=64=0.0%
     complete  : 0=0.0%, 4=100.0%, 8=0.0%, 16=0.0%, 32=0.0%, 64=0.0%, >=64=0.0%
     issued rwts: total=1,0,0,0 short=0,0,0,0 dropped=0,0,0,0
     latency   : target=0.00ns, window=0.00ns, percentile=100.00%, depth=1

Run status group 0 (all jobs):
   READ: bw=62.5MiB/s (65.5MB/s), 62.5MiB/s-62.5MiB/s (65.5MB/s-65.5MB/s), io=64.0KiB (65.5kB), run=1-1msec
  WRITE: bw=62.5MiB/s (65.5MB/s), 62.5MiB/s-62.5MiB/s (65.5MB/s-65.5MB/s), io=64.0KiB (65.5kB), run=1-1msec
