=== run_latency.sh ===
timestamp: 2026-04-07 22:44:42
rw: write
cq_size: 32
total_ios: 32
bs: 8k
size: 262144
fio: /home/xuanboj2/spdk-iaa/app/nvmf_iaa/fio/fio
engine: /home/xuanboj2/spdk-iaa/app/nvmf_iaa/fio_engine/iaanic.so
poll_usleep: 0
job: (g=0): rw=write, bs=(R) 8192B-8192B, (W) 8192B-8192B, (T) 8192B-8192B, ioengine=snic_phase1, iodepth=1
fio-3.41-142-g698f
Starting 1 thread
EAL: '-c <coremask>' option is deprecated, and will be removed in a future release
EAL: 	Use '-l <corelist>' or '--lcores=<corelist>' option instead
[Init] Probing Target 192.168.200.20:4420...
[Init] Attaching to 192.168.200.20
[Init] Attached to NVMe Controller
[Init] Allocated IO QPair. Negotiated QID: 1
[RDMA] Resolving SNIC address 192.168.200.11:18515...
[RDMA] Resolving route...
[RDMA] Connecting to SNIC...
[RDMA] SNIC Connection established!
[Init] Registering Memory...
[Init] Cleaning IAA Completion Buffer
[Init] Mapping IAA Portal at /dev/iax/wq1.0...
[Init] Allocating COMP/DECOMP AECS buffers
[Init] COMP AECS loaded:   addr=0x7d931c119240 size=1568
[Init] DECOMP AECS loaded: addr=0x7d931c131a80 size=5376
[Init] Initing SETUP MSG...
[Init] All systems OK. Staging Buffer: 64 MB (Hugepages)
[Init] Sending SETUP Message to SNIC...
[SETUP] comp_aecs_addr=0x7d931c119240 comp_aecs_size=1568
[SETUP] decomp_aecs_addr=0x7d931c131a80 decomp_aecs_size=5376
[Init] SETUP Message Sent successfully.
sizeof(struct snic_setup_msg) = 80

job: (groupid=0, jobs=1): err= 0: pid=22177: Tue Apr  7 22:44:43 2026
  write: IOPS=16.0k, BW=125MiB/s (131MB/s)(256KiB/2msec)
    clat (nsec): min=40522, max=75566, avg=48594.34, stdev=7689.17
     lat (nsec): min=40784, max=76611, avg=48872.75, stdev=7782.36
    clat percentiles (nsec):
     |  1.00th=[40704],  5.00th=[42752], 10.00th=[43264], 20.00th=[44288],
     | 30.00th=[45312], 40.00th=[45824], 50.00th=[46336], 60.00th=[46848],
     | 70.00th=[49408], 80.00th=[49920], 90.00th=[54016], 95.00th=[74240],
     | 99.00th=[75264], 99.50th=[75264], 99.90th=[75264], 99.95th=[75264],
     | 99.99th=[75264]
  lat (usec)   : 50=81.25%, 100=18.75%
  cpu          : usr=100.00%, sys=0.00%, ctx=0, majf=0, minf=2
  IO depths    : 1=100.0%, 2=0.0%, 4=0.0%, 8=0.0%, 16=0.0%, 32=0.0%, >=64=0.0%
     submit    : 0=0.0%, 4=100.0%, 8=0.0%, 16=0.0%, 32=0.0%, 64=0.0%, >=64=0.0%
     complete  : 0=0.0%, 4=100.0%, 8=0.0%, 16=0.0%, 32=0.0%, 64=0.0%, >=64=0.0%
     issued rwts: total=0,32,0,0 short=0,0,0,0 dropped=0,0,0,0
     latency   : target=0.00ns, window=0.00ns, percentile=100.00%, depth=1

Run status group 0 (all jobs):
  WRITE: bw=125MiB/s (131MB/s), 125MiB/s-125MiB/s (131MB/s-131MB/s), io=256KiB (262kB), run=2-2msec
